Copyright 1986-2019 Xilinx, Inc. All Rights Reserved.
------------------------------------------------------------------------------------------------------------------------------------------------------------------
| Tool Version : Vivado v.2019.1 (win64) Build 2552052 Fri May 24 14:49:42 MDT 2019
| Date         : Fri Nov  7 18:06:58 2025
| Host         : PC-1000-times running 64-bit major release  (build 9200)
| Command      : report_bus_skew -warn_on_violation -file XC7A200_TOP_bus_skew_routed.rpt -pb XC7A200_TOP_bus_skew_routed.pb -rpx XC7A200_TOP_bus_skew_routed.rpx
| Design       : XC7A200_TOP
| Device       : 7a200t-fbg484
| Speed File   : -2  PRODUCTION 1.23 2018-06-13
------------------------------------------------------------------------------------------------------------------------------------------------------------------

Bus Skew Report

Table of Contents
-----------------
1. Bus Skew Report Summary
2. Bus Skew Report Per Constraint

1. Bus Skew Report Summary
--------------------------

Id  Position  From                            To                              Corner  Requirement(ns)  Actual(ns)  Slack(ns)
--  --------  ------------------------------  ------------------------------  ------  ---------------  ----------  ---------
1   9         [get_cells [list {u_img_data_pkt/async_fifo_2048x8b_inst/U0/inst_fifo_gen/gconvfifo.rf/grf.rf/gntv_or_sync_fifo.gcx.clkx/rd_pntr_cdc_inst/src_gray_ff_reg[0]} \
          {u_img_data_pkt/async_fifo_2048x8b_inst/U0/inst_fifo_gen/gconvfifo.rf/grf.rf/gntv_or_sync_fifo.gcx.clkx/rd_pntr_cdc_inst/src_gray_ff_reg[10]} \
          {u_img_data_pkt/async_fifo_2048x8b_inst/U0/inst_fifo_gen/gconvfifo.rf/grf.rf/gntv_or_sync_fifo.gcx.clkx/rd_pntr_cdc_inst/src_gray_ff_reg[1]} \
          {u_img_data_pkt/async_fifo_2048x8b_inst/U0/inst_fifo_gen/gconvfifo.rf/grf.rf/gntv_or_sync_fifo.gcx.clkx/rd_pntr_cdc_inst/src_gray_ff_reg[2]} \
          {u_img_data_pkt/async_fifo_2048x8b_inst/U0/inst_fifo_gen/gconvfifo.rf/grf.rf/gntv_or_sync_fifo.gcx.clkx/rd_pntr_cdc_inst/src_gray_ff_reg[3]} \
          {u_img_data_pkt/async_fifo_2048x8b_inst/U0/inst_fifo_gen/gconvfifo.rf/grf.rf/gntv_or_sync_fifo.gcx.clkx/rd_pntr_cdc_inst/src_gray_ff_reg[4]} \
          {u_img_data_pkt/async_fifo_2048x8b_inst/U0/inst_fifo_gen/gconvfifo.rf/grf.rf/gntv_or_sync_fifo.gcx.clkx/rd_pntr_cdc_inst/src_gray_ff_reg[5]} \
          {u_img_data_pkt/async_fifo_2048x8b_inst/U0/inst_fifo_gen/gconvfifo.rf/grf.rf/gntv_or_sync_fifo.gcx.clkx/rd_pntr_cdc_inst/src_gray_ff_reg[6]} \
          {u_img_data_pkt/async_fifo_2048x8b_inst/U0/inst_fifo_gen/gconvfifo.rf/grf.rf/gntv_or_sync_fifo.gcx.clkx/rd_pntr_cdc_inst/src_gray_ff_reg[7]} \
          {u_img_data_pkt/async_fifo_2048x8b_inst/U0/inst_fifo_gen/gconvfifo.rf/grf.rf/gntv_or_sync_fifo.gcx.clkx/rd_pntr_cdc_inst/src_gray_ff_reg[8]} \
          {u_img_data_pkt/async_fifo_2048x8b_inst/U0/inst_fifo_gen/gconvfifo.rf/grf.rf/gntv_or_sync_fifo.gcx.clkx/rd_pntr_cdc_inst/src_gray_ff_reg[9]}]]
                                              [get_cells [list {u_img_data_pkt/async_fifo_2048x8b_inst/U0/inst_fifo_gen/gconvfifo.rf/grf.rf/gntv_or_sync_fifo.gcx.clkx/rd_pntr_cdc_inst/dest_graysync_ff_reg[0][0]} \
          {u_img_data_pkt/async_fifo_2048x8b_inst/U0/inst_fifo_gen/gconvfifo.rf/grf.rf/gntv_or_sync_fifo.gcx.clkx/rd_pntr_cdc_inst/dest_graysync_ff_reg[0][10]} \
          {u_img_data_pkt/async_fifo_2048x8b_inst/U0/inst_fifo_gen/gconvfifo.rf/grf.rf/gntv_or_sync_fifo.gcx.clkx/rd_pntr_cdc_inst/dest_graysync_ff_reg[0][1]} \
          {u_img_data_pkt/async_fifo_2048x8b_inst/U0/inst_fifo_gen/gconvfifo.rf/grf.rf/gntv_or_sync_fifo.gcx.clkx/rd_pntr_cdc_inst/dest_graysync_ff_reg[0][2]} \
          {u_img_data_pkt/async_fifo_2048x8b_inst/U0/inst_fifo_gen/gconvfifo.rf/grf.rf/gntv_or_sync_fifo.gcx.clkx/rd_pntr_cdc_inst/dest_graysync_ff_reg[0][3]} \
          {u_img_data_pkt/async_fifo_2048x8b_inst/U0/inst_fifo_gen/gconvfifo.rf/grf.rf/gntv_or_sync_fifo.gcx.clkx/rd_pntr_cdc_inst/dest_graysync_ff_reg[0][4]} \
          {u_img_data_pkt/async_fifo_2048x8b_inst/U0/inst_fifo_gen/gconvfifo.rf/grf.rf/gntv_or_sync_fifo.gcx.clkx/rd_pntr_cdc_inst/dest_graysync_ff_reg[0][5]} \
          {u_img_data_pkt/async_fifo_2048x8b_inst/U0/inst_fifo_gen/gconvfifo.rf/grf.rf/gntv_or_sync_fifo.gcx.clkx/rd_pntr_cdc_inst/dest_graysync_ff_reg[0][6]} \
          {u_img_data_pkt/async_fifo_2048x8b_inst/U0/inst_fifo_gen/gconvfifo.rf/grf.rf/gntv_or_sync_fifo.gcx.clkx/rd_pntr_cdc_inst/dest_graysync_ff_reg[0][7]} \
          {u_img_data_pkt/async_fifo_2048x8b_inst/U0/inst_fifo_gen/gconvfifo.rf/grf.rf/gntv_or_sync_fifo.gcx.clkx/rd_pntr_cdc_inst/dest_graysync_ff_reg[0][8]} \
          {u_img_data_pkt/async_fifo_2048x8b_inst/U0/inst_fifo_gen/gconvfifo.rf/grf.rf/gntv_or_sync_fifo.gcx.clkx/rd_pntr_cdc_inst/dest_graysync_ff_reg[0][9]}]]
                                                                              Slow             32.000       0.766     31.234
2   11        [get_cells [list {u_img_data_pkt/async_fifo_2048x8b_inst/U0/inst_fifo_gen/gconvfifo.rf/grf.rf/gntv_or_sync_fifo.gcx.clkx/wr_pntr_cdc_inst/src_gray_ff_reg[0]} \
          {u_img_data_pkt/async_fifo_2048x8b_inst/U0/inst_fifo_gen/gconvfifo.rf/grf.rf/gntv_or_sync_fifo.gcx.clkx/wr_pntr_cdc_inst/src_gray_ff_reg[10]} \
          {u_img_data_pkt/async_fifo_2048x8b_inst/U0/inst_fifo_gen/gconvfifo.rf/grf.rf/gntv_or_sync_fifo.gcx.clkx/wr_pntr_cdc_inst/src_gray_ff_reg[1]} \
          {u_img_data_pkt/async_fifo_2048x8b_inst/U0/inst_fifo_gen/gconvfifo.rf/grf.rf/gntv_or_sync_fifo.gcx.clkx/wr_pntr_cdc_inst/src_gray_ff_reg[2]} \
          {u_img_data_pkt/async_fifo_2048x8b_inst/U0/inst_fifo_gen/gconvfifo.rf/grf.rf/gntv_or_sync_fifo.gcx.clkx/wr_pntr_cdc_inst/src_gray_ff_reg[3]} \
          {u_img_data_pkt/async_fifo_2048x8b_inst/U0/inst_fifo_gen/gconvfifo.rf/grf.rf/gntv_or_sync_fifo.gcx.clkx/wr_pntr_cdc_inst/src_gray_ff_reg[4]} \
          {u_img_data_pkt/async_fifo_2048x8b_inst/U0/inst_fifo_gen/gconvfifo.rf/grf.rf/gntv_or_sync_fifo.gcx.clkx/wr_pntr_cdc_inst/src_gray_ff_reg[5]} \
          {u_img_data_pkt/async_fifo_2048x8b_inst/U0/inst_fifo_gen/gconvfifo.rf/grf.rf/gntv_or_sync_fifo.gcx.clkx/wr_pntr_cdc_inst/src_gray_ff_reg[6]} \
          {u_img_data_pkt/async_fifo_2048x8b_inst/U0/inst_fifo_gen/gconvfifo.rf/grf.rf/gntv_or_sync_fifo.gcx.clkx/wr_pntr_cdc_inst/src_gray_ff_reg[7]} \
          {u_img_data_pkt/async_fifo_2048x8b_inst/U0/inst_fifo_gen/gconvfifo.rf/grf.rf/gntv_or_sync_fifo.gcx.clkx/wr_pntr_cdc_inst/src_gray_ff_reg[8]} \
          {u_img_data_pkt/async_fifo_2048x8b_inst/U0/inst_fifo_gen/gconvfifo.rf/grf.rf/gntv_or_sync_fifo.gcx.clkx/wr_pntr_cdc_inst/src_gray_ff_reg[9]}]]
                                              [get_cells [list {u_img_data_pkt/async_fifo_2048x8b_inst/U0/inst_fifo_gen/gconvfifo.rf/grf.rf/gntv_or_sync_fifo.gcx.clkx/wr_pntr_cdc_inst/dest_graysync_ff_reg[0][0]} \
          {u_img_data_pkt/async_fifo_2048x8b_inst/U0/inst_fifo_gen/gconvfifo.rf/grf.rf/gntv_or_sync_fifo.gcx.clkx/wr_pntr_cdc_inst/dest_graysync_ff_reg[0][10]} \
          {u_img_data_pkt/async_fifo_2048x8b_inst/U0/inst_fifo_gen/gconvfifo.rf/grf.rf/gntv_or_sync_fifo.gcx.clkx/wr_pntr_cdc_inst/dest_graysync_ff_reg[0][1]} \
          {u_img_data_pkt/async_fifo_2048x8b_inst/U0/inst_fifo_gen/gconvfifo.rf/grf.rf/gntv_or_sync_fifo.gcx.clkx/wr_pntr_cdc_inst/dest_graysync_ff_reg[0][2]} \
          {u_img_data_pkt/async_fifo_2048x8b_inst/U0/inst_fifo_gen/gconvfifo.rf/grf.rf/gntv_or_sync_fifo.gcx.clkx/wr_pntr_cdc_inst/dest_graysync_ff_reg[0][3]} \
          {u_img_data_pkt/async_fifo_2048x8b_inst/U0/inst_fifo_gen/gconvfifo.rf/grf.rf/gntv_or_sync_fifo.gcx.clkx/wr_pntr_cdc_inst/dest_graysync_ff_reg[0][4]} \
          {u_img_data_pkt/async_fifo_2048x8b_inst/U0/inst_fifo_gen/gconvfifo.rf/grf.rf/gntv_or_sync_fifo.gcx.clkx/wr_pntr_cdc_inst/dest_graysync_ff_reg[0][5]} \
          {u_img_data_pkt/async_fifo_2048x8b_inst/U0/inst_fifo_gen/gconvfifo.rf/grf.rf/gntv_or_sync_fifo.gcx.clkx/wr_pntr_cdc_inst/dest_graysync_ff_reg[0][6]} \
          {u_img_data_pkt/async_fifo_2048x8b_inst/U0/inst_fifo_gen/gconvfifo.rf/grf.rf/gntv_or_sync_fifo.gcx.clkx/wr_pntr_cdc_inst/dest_graysync_ff_reg[0][7]} \
          {u_img_data_pkt/async_fifo_2048x8b_inst/U0/inst_fifo_gen/gconvfifo.rf/grf.rf/gntv_or_sync_fifo.gcx.clkx/wr_pntr_cdc_inst/dest_graysync_ff_reg[0][8]} \
          {u_img_data_pkt/async_fifo_2048x8b_inst/U0/inst_fifo_gen/gconvfifo.rf/grf.rf/gntv_or_sync_fifo.gcx.clkx/wr_pntr_cdc_inst/dest_graysync_ff_reg[0][9]}]]
                                                                              Slow             32.000       0.911     31.089


2. Bus Skew Report Per Constraint
---------------------------------

Id: 1
set_bus_skew -from [get_cells [list {u_img_data_pkt/async_fifo_2048x8b_inst/U0/inst_fifo_gen/gconvfifo.rf/grf.rf/gntv_or_sync_fifo.gcx.clkx/rd_pntr_cdc_inst/src_gray_ff_reg[0]} \
          {u_img_data_pkt/async_fifo_2048x8b_inst/U0/inst_fifo_gen/gconvfifo.rf/grf.rf/gntv_or_sync_fifo.gcx.clkx/rd_pntr_cdc_inst/src_gray_ff_reg[10]} \
          {u_img_data_pkt/async_fifo_2048x8b_inst/U0/inst_fifo_gen/gconvfifo.rf/grf.rf/gntv_or_sync_fifo.gcx.clkx/rd_pntr_cdc_inst/src_gray_ff_reg[1]} \
          {u_img_data_pkt/async_fifo_2048x8b_inst/U0/inst_fifo_gen/gconvfifo.rf/grf.rf/gntv_or_sync_fifo.gcx.clkx/rd_pntr_cdc_inst/src_gray_ff_reg[2]} \
          {u_img_data_pkt/async_fifo_2048x8b_inst/U0/inst_fifo_gen/gconvfifo.rf/grf.rf/gntv_or_sync_fifo.gcx.clkx/rd_pntr_cdc_inst/src_gray_ff_reg[3]} \
          {u_img_data_pkt/async_fifo_2048x8b_inst/U0/inst_fifo_gen/gconvfifo.rf/grf.rf/gntv_or_sync_fifo.gcx.clkx/rd_pntr_cdc_inst/src_gray_ff_reg[4]} \
          {u_img_data_pkt/async_fifo_2048x8b_inst/U0/inst_fifo_gen/gconvfifo.rf/grf.rf/gntv_or_sync_fifo.gcx.clkx/rd_pntr_cdc_inst/src_gray_ff_reg[5]} \
          {u_img_data_pkt/async_fifo_2048x8b_inst/U0/inst_fifo_gen/gconvfifo.rf/grf.rf/gntv_or_sync_fifo.gcx.clkx/rd_pntr_cdc_inst/src_gray_ff_reg[6]} \
          {u_img_data_pkt/async_fifo_2048x8b_inst/U0/inst_fifo_gen/gconvfifo.rf/grf.rf/gntv_or_sync_fifo.gcx.clkx/rd_pntr_cdc_inst/src_gray_ff_reg[7]} \
          {u_img_data_pkt/async_fifo_2048x8b_inst/U0/inst_fifo_gen/gconvfifo.rf/grf.rf/gntv_or_sync_fifo.gcx.clkx/rd_pntr_cdc_inst/src_gray_ff_reg[8]} \
          {u_img_data_pkt/async_fifo_2048x8b_inst/U0/inst_fifo_gen/gconvfifo.rf/grf.rf/gntv_or_sync_fifo.gcx.clkx/rd_pntr_cdc_inst/src_gray_ff_reg[9]}]] -to [get_cells [list {u_img_data_pkt/async_fifo_2048x8b_inst/U0/inst_fifo_gen/gconvfifo.rf/grf.rf/gntv_or_sync_fifo.gcx.clkx/rd_pntr_cdc_inst/dest_graysync_ff_reg[0][0]} \
          {u_img_data_pkt/async_fifo_2048x8b_inst/U0/inst_fifo_gen/gconvfifo.rf/grf.rf/gntv_or_sync_fifo.gcx.clkx/rd_pntr_cdc_inst/dest_graysync_ff_reg[0][10]} \
          {u_img_data_pkt/async_fifo_2048x8b_inst/U0/inst_fifo_gen/gconvfifo.rf/grf.rf/gntv_or_sync_fifo.gcx.clkx/rd_pntr_cdc_inst/dest_graysync_ff_reg[0][1]} \
          {u_img_data_pkt/async_fifo_2048x8b_inst/U0/inst_fifo_gen/gconvfifo.rf/grf.rf/gntv_or_sync_fifo.gcx.clkx/rd_pntr_cdc_inst/dest_graysync_ff_reg[0][2]} \
          {u_img_data_pkt/async_fifo_2048x8b_inst/U0/inst_fifo_gen/gconvfifo.rf/grf.rf/gntv_or_sync_fifo.gcx.clkx/rd_pntr_cdc_inst/dest_graysync_ff_reg[0][3]} \
          {u_img_data_pkt/async_fifo_2048x8b_inst/U0/inst_fifo_gen/gconvfifo.rf/grf.rf/gntv_or_sync_fifo.gcx.clkx/rd_pntr_cdc_inst/dest_graysync_ff_reg[0][4]} \
          {u_img_data_pkt/async_fifo_2048x8b_inst/U0/inst_fifo_gen/gconvfifo.rf/grf.rf/gntv_or_sync_fifo.gcx.clkx/rd_pntr_cdc_inst/dest_graysync_ff_reg[0][5]} \
          {u_img_data_pkt/async_fifo_2048x8b_inst/U0/inst_fifo_gen/gconvfifo.rf/grf.rf/gntv_or_sync_fifo.gcx.clkx/rd_pntr_cdc_inst/dest_graysync_ff_reg[0][6]} \
          {u_img_data_pkt/async_fifo_2048x8b_inst/U0/inst_fifo_gen/gconvfifo.rf/grf.rf/gntv_or_sync_fifo.gcx.clkx/rd_pntr_cdc_inst/dest_graysync_ff_reg[0][7]} \
          {u_img_data_pkt/async_fifo_2048x8b_inst/U0/inst_fifo_gen/gconvfifo.rf/grf.rf/gntv_or_sync_fifo.gcx.clkx/rd_pntr_cdc_inst/dest_graysync_ff_reg[0][8]} \
          {u_img_data_pkt/async_fifo_2048x8b_inst/U0/inst_fifo_gen/gconvfifo.rf/grf.rf/gntv_or_sync_fifo.gcx.clkx/rd_pntr_cdc_inst/dest_graysync_ff_reg[0][9]}]] 32.000
Requirement: 32.000ns
Endpoints: 11

From Clock            To Clock              Endpoint Pin                    Reference Pin                   Corner  Actual(ns)  Slack(ns)
--------------------  --------------------  ------------------------------  ------------------------------  ------  ----------  ---------
clkout0               cmos_pclk             u_img_data_pkt/async_fifo_2048x8b_inst/U0/inst_fifo_gen/gconvfifo.rf/grf.rf/gntv_or_sync_fifo.gcx.clkx/rd_pntr_cdc_inst/dest_graysync_ff_reg[0][1]/D
                                                                            u_img_data_pkt/async_fifo_2048x8b_inst/U0/inst_fifo_gen/gconvfifo.rf/grf.rf/gntv_or_sync_fifo.gcx.clkx/rd_pntr_cdc_inst/dest_graysync_ff_reg[0][6]/D
                                                                                                            Slow         0.766     31.234


Slack (MET) :             31.234ns  (requirement - actual skew)
  Endpoint Source:        u_img_data_pkt/async_fifo_2048x8b_inst/U0/inst_fifo_gen/gconvfifo.rf/grf.rf/gntv_or_sync_fifo.gcx.clkx/rd_pntr_cdc_inst/src_gray_ff_reg[1]/C
                            (rising edge-triggered cell FDRE clocked by clkout0)
  Endpoint Destination:   u_img_data_pkt/async_fifo_2048x8b_inst/U0/inst_fifo_gen/gconvfifo.rf/grf.rf/gntv_or_sync_fifo.gcx.clkx/rd_pntr_cdc_inst/dest_graysync_ff_reg[0][1]/D
                            (rising edge-triggered cell FDRE clocked by cmos_pclk)
  Reference Source:       u_img_data_pkt/async_fifo_2048x8b_inst/U0/inst_fifo_gen/gconvfifo.rf/grf.rf/gntv_or_sync_fifo.gcx.clkx/rd_pntr_cdc_inst/src_gray_ff_reg[6]/C
                            (rising edge-triggered cell FDRE clocked by clkout0)
  Reference Destination:  u_img_data_pkt/async_fifo_2048x8b_inst/U0/inst_fifo_gen/gconvfifo.rf/grf.rf/gntv_or_sync_fifo.gcx.clkx/rd_pntr_cdc_inst/dest_graysync_ff_reg[0][6]/D
                            (rising edge-triggered cell FDRE clocked by cmos_pclk)
  Path Type:              Bus Skew (Max at Slow Process Corner)
  Requirement:            32.000ns
  Endpoint Relative Delay:    2.226ns
  Reference Relative Delay:   0.800ns
  Relative CRPR:              0.878ns
  Uncertainty:                0.218ns
  Actual Bus Skew:            0.766ns  (Endpoint Relative Delay - Reference Relative Delay - Relative CRPR + Uncertainty)

Endpoint path:
    Location             Delay type                Incr(ns)  Path(ns)    Netlist Resource(s)
  -------------------------------------------------------------------    -------------------
                         (clock clkout0 rise edge)    0.000     0.000 r  
    GTPE2_CHANNEL_X0Y4   GTPE2_CHANNEL                0.000     0.000 r  aurora_module_u0/aurora_channel_u0/aurora_8b10b_0_u0/inst/gt_wrapper_i/aurora_8b10b_0_multi_gt_i/gt0_aurora_8b10b_0_i/gtpe2_i/TXOUTCLK
                         net (fo=1, routed)           1.274     1.274    aurora_module_u0/aurora_channel_u0/aurora_8b10b_0_CLOCK_MODULE_u0/GT_CLK
    BUFGCTRL_X0Y20       BUFG (Prop_bufg_I_O)         0.081     1.355 r  aurora_module_u0/aurora_channel_u0/aurora_8b10b_0_CLOCK_MODULE_u0/clkin1_buf/O
                         net (fo=1, routed)           1.662     3.017    aurora_module_u0/aurora_channel_u0/aurora_8b10b_0_CLOCK_MODULE_u0/clkin1
    MMCME2_ADV_X1Y4      MMCME2_ADV (Prop_mmcme2_adv_CLKIN1_CLKOUT0)
                                                      0.077     3.094 r  aurora_module_u0/aurora_channel_u0/aurora_8b10b_0_CLOCK_MODULE_u0/mmcm_adv_inst/CLKOUT0
                         net (fo=1, routed)           2.017     5.111    aurora_module_u0/aurora_channel_u0/aurora_8b10b_0_CLOCK_MODULE_u0/clkout0
    BUFGCTRL_X0Y16       BUFG (Prop_bufg_I_O)         0.081     5.192 r  aurora_module_u0/aurora_channel_u0/aurora_8b10b_0_CLOCK_MODULE_u0/clkout0_buf/O
                         net (fo=707, routed)         1.383     6.575    u_img_data_pkt/async_fifo_2048x8b_inst/U0/inst_fifo_gen/gconvfifo.rf/grf.rf/gntv_or_sync_fifo.gcx.clkx/rd_pntr_cdc_inst/src_clk
    SLICE_X45Y170        FDRE                                         r  u_img_data_pkt/async_fifo_2048x8b_inst/U0/inst_fifo_gen/gconvfifo.rf/grf.rf/gntv_or_sync_fifo.gcx.clkx/rd_pntr_cdc_inst/src_gray_ff_reg[1]/C
  -------------------------------------------------------------------    -------------------
    SLICE_X45Y170        FDRE (Prop_fdre_C_Q)         0.348     6.923 r  u_img_data_pkt/async_fifo_2048x8b_inst/U0/inst_fifo_gen/gconvfifo.rf/grf.rf/gntv_or_sync_fifo.gcx.clkx/rd_pntr_cdc_inst/src_gray_ff_reg[1]/Q
                         net (fo=1, routed)           0.356     7.279    u_img_data_pkt/async_fifo_2048x8b_inst/U0/inst_fifo_gen/gconvfifo.rf/grf.rf/gntv_or_sync_fifo.gcx.clkx/rd_pntr_cdc_inst/async_path[1]
    SLICE_X44Y169        FDRE                                         r  u_img_data_pkt/async_fifo_2048x8b_inst/U0/inst_fifo_gen/gconvfifo.rf/grf.rf/gntv_or_sync_fifo.gcx.clkx/rd_pntr_cdc_inst/dest_graysync_ff_reg[0][1]/D
  -------------------------------------------------------------------    -------------------

                         (clock cmos_pclk rise edge)
                                                      0.000     0.000 r  
    U18                                               0.000     0.000 r  cam_pclk (IN)
                         net (fo=0)                   0.000     0.000    cam_pclk
    U18                  IBUF (Prop_ibuf_I_O)         1.358     1.358 r  cam_pclk_IBUF_inst/O
                         net (fo=1, routed)           2.503     3.861    cam_pclk_IBUF
    BUFGCTRL_X0Y0        BUFG (Prop_bufg_I_O)         0.077     3.938 r  cam_pclk_IBUF_BUFG_inst/O
                         net (fo=131, routed)         1.280     5.219    u_img_data_pkt/async_fifo_2048x8b_inst/U0/inst_fifo_gen/gconvfifo.rf/grf.rf/gntv_or_sync_fifo.gcx.clkx/rd_pntr_cdc_inst/dest_clk
    SLICE_X44Y169        FDRE                                         r  u_img_data_pkt/async_fifo_2048x8b_inst/U0/inst_fifo_gen/gconvfifo.rf/grf.rf/gntv_or_sync_fifo.gcx.clkx/rd_pntr_cdc_inst/dest_graysync_ff_reg[0][1]/C
                         clock pessimism              0.000     5.219    
    SLICE_X44Y169        FDRE (Setup_fdre_C_D)       -0.166     5.053    u_img_data_pkt/async_fifo_2048x8b_inst/U0/inst_fifo_gen/gconvfifo.rf/grf.rf/gntv_or_sync_fifo.gcx.clkx/rd_pntr_cdc_inst/dest_graysync_ff_reg[0][1]
  -------------------------------------------------------------------
                         data arrival                           7.279    
                         clock arrival                          5.053    
  -------------------------------------------------------------------
                         relative delay                         2.226    

Reference path:
    Location             Delay type                Incr(ns)  Path(ns)    Netlist Resource(s)
  -------------------------------------------------------------------    -------------------
                         (clock clkout0 rise edge)    0.000     0.000 r  
    GTPE2_CHANNEL_X0Y4   GTPE2_CHANNEL                0.000     0.000 r  aurora_module_u0/aurora_channel_u0/aurora_8b10b_0_u0/inst/gt_wrapper_i/aurora_8b10b_0_multi_gt_i/gt0_aurora_8b10b_0_i/gtpe2_i/TXOUTCLK
                         net (fo=1, routed)           1.216     1.216    aurora_module_u0/aurora_channel_u0/aurora_8b10b_0_CLOCK_MODULE_u0/GT_CLK
    BUFGCTRL_X0Y20       BUFG (Prop_bufg_I_O)         0.077     1.293 r  aurora_module_u0/aurora_channel_u0/aurora_8b10b_0_CLOCK_MODULE_u0/clkin1_buf/O
                         net (fo=1, routed)           1.552     2.845    aurora_module_u0/aurora_channel_u0/aurora_8b10b_0_CLOCK_MODULE_u0/clkin1
    MMCME2_ADV_X1Y4      MMCME2_ADV (Prop_mmcme2_adv_CLKIN1_CLKOUT0)
                                                      0.073     2.918 r  aurora_module_u0/aurora_channel_u0/aurora_8b10b_0_CLOCK_MODULE_u0/mmcm_adv_inst/CLKOUT0
                         net (fo=1, routed)           1.920     4.838    aurora_module_u0/aurora_channel_u0/aurora_8b10b_0_CLOCK_MODULE_u0/clkout0
    BUFGCTRL_X0Y16       BUFG (Prop_bufg_I_O)         0.077     4.915 r  aurora_module_u0/aurora_channel_u0/aurora_8b10b_0_CLOCK_MODULE_u0/clkout0_buf/O
                         net (fo=707, routed)         1.276     6.191    u_img_data_pkt/async_fifo_2048x8b_inst/U0/inst_fifo_gen/gconvfifo.rf/grf.rf/gntv_or_sync_fifo.gcx.clkx/rd_pntr_cdc_inst/src_clk
    SLICE_X43Y170        FDRE                                         r  u_img_data_pkt/async_fifo_2048x8b_inst/U0/inst_fifo_gen/gconvfifo.rf/grf.rf/gntv_or_sync_fifo.gcx.clkx/rd_pntr_cdc_inst/src_gray_ff_reg[6]/C
  -------------------------------------------------------------------    -------------------
    SLICE_X43Y170        FDRE (Prop_fdre_C_Q)         0.304     6.495 r  u_img_data_pkt/async_fifo_2048x8b_inst/U0/inst_fifo_gen/gconvfifo.rf/grf.rf/gntv_or_sync_fifo.gcx.clkx/rd_pntr_cdc_inst/src_gray_ff_reg[6]/Q
                         net (fo=1, routed)           0.287     6.783    u_img_data_pkt/async_fifo_2048x8b_inst/U0/inst_fifo_gen/gconvfifo.rf/grf.rf/gntv_or_sync_fifo.gcx.clkx/rd_pntr_cdc_inst/async_path[6]
    SLICE_X42Y168        FDRE                                         r  u_img_data_pkt/async_fifo_2048x8b_inst/U0/inst_fifo_gen/gconvfifo.rf/grf.rf/gntv_or_sync_fifo.gcx.clkx/rd_pntr_cdc_inst/dest_graysync_ff_reg[0][6]/D
  -------------------------------------------------------------------    -------------------

                         (clock cmos_pclk rise edge)
                                                      0.000     0.000 r  
    U18                                               0.000     0.000 r  cam_pclk (IN)
                         net (fo=0)                   0.000     0.000    cam_pclk
    U18                  IBUF (Prop_ibuf_I_O)         1.424     1.424 r  cam_pclk_IBUF_inst/O
                         net (fo=1, routed)           2.903     4.327    cam_pclk_IBUF
    BUFGCTRL_X0Y0        BUFG (Prop_bufg_I_O)         0.081     4.408 r  cam_pclk_IBUF_BUFG_inst/O
                         net (fo=131, routed)         1.387     5.796    u_img_data_pkt/async_fifo_2048x8b_inst/U0/inst_fifo_gen/gconvfifo.rf/grf.rf/gntv_or_sync_fifo.gcx.clkx/rd_pntr_cdc_inst/dest_clk
    SLICE_X42Y168        FDRE                                         r  u_img_data_pkt/async_fifo_2048x8b_inst/U0/inst_fifo_gen/gconvfifo.rf/grf.rf/gntv_or_sync_fifo.gcx.clkx/rd_pntr_cdc_inst/dest_graysync_ff_reg[0][6]/C
                         clock pessimism              0.000     5.796    
    SLICE_X42Y168        FDRE (Hold_fdre_C_D)         0.187     5.983    u_img_data_pkt/async_fifo_2048x8b_inst/U0/inst_fifo_gen/gconvfifo.rf/grf.rf/gntv_or_sync_fifo.gcx.clkx/rd_pntr_cdc_inst/dest_graysync_ff_reg[0][6]
  -------------------------------------------------------------------
                         data arrival                           6.783    
                         clock arrival                          5.983    
  -------------------------------------------------------------------
                         relative delay                         0.800    



Id: 2
set_bus_skew -from [get_cells [list {u_img_data_pkt/async_fifo_2048x8b_inst/U0/inst_fifo_gen/gconvfifo.rf/grf.rf/gntv_or_sync_fifo.gcx.clkx/wr_pntr_cdc_inst/src_gray_ff_reg[0]} \
          {u_img_data_pkt/async_fifo_2048x8b_inst/U0/inst_fifo_gen/gconvfifo.rf/grf.rf/gntv_or_sync_fifo.gcx.clkx/wr_pntr_cdc_inst/src_gray_ff_reg[10]} \
          {u_img_data_pkt/async_fifo_2048x8b_inst/U0/inst_fifo_gen/gconvfifo.rf/grf.rf/gntv_or_sync_fifo.gcx.clkx/wr_pntr_cdc_inst/src_gray_ff_reg[1]} \
          {u_img_data_pkt/async_fifo_2048x8b_inst/U0/inst_fifo_gen/gconvfifo.rf/grf.rf/gntv_or_sync_fifo.gcx.clkx/wr_pntr_cdc_inst/src_gray_ff_reg[2]} \
          {u_img_data_pkt/async_fifo_2048x8b_inst/U0/inst_fifo_gen/gconvfifo.rf/grf.rf/gntv_or_sync_fifo.gcx.clkx/wr_pntr_cdc_inst/src_gray_ff_reg[3]} \
          {u_img_data_pkt/async_fifo_2048x8b_inst/U0/inst_fifo_gen/gconvfifo.rf/grf.rf/gntv_or_sync_fifo.gcx.clkx/wr_pntr_cdc_inst/src_gray_ff_reg[4]} \
          {u_img_data_pkt/async_fifo_2048x8b_inst/U0/inst_fifo_gen/gconvfifo.rf/grf.rf/gntv_or_sync_fifo.gcx.clkx/wr_pntr_cdc_inst/src_gray_ff_reg[5]} \
          {u_img_data_pkt/async_fifo_2048x8b_inst/U0/inst_fifo_gen/gconvfifo.rf/grf.rf/gntv_or_sync_fifo.gcx.clkx/wr_pntr_cdc_inst/src_gray_ff_reg[6]} \
          {u_img_data_pkt/async_fifo_2048x8b_inst/U0/inst_fifo_gen/gconvfifo.rf/grf.rf/gntv_or_sync_fifo.gcx.clkx/wr_pntr_cdc_inst/src_gray_ff_reg[7]} \
          {u_img_data_pkt/async_fifo_2048x8b_inst/U0/inst_fifo_gen/gconvfifo.rf/grf.rf/gntv_or_sync_fifo.gcx.clkx/wr_pntr_cdc_inst/src_gray_ff_reg[8]} \
          {u_img_data_pkt/async_fifo_2048x8b_inst/U0/inst_fifo_gen/gconvfifo.rf/grf.rf/gntv_or_sync_fifo.gcx.clkx/wr_pntr_cdc_inst/src_gray_ff_reg[9]}]] -to [get_cells [list {u_img_data_pkt/async_fifo_2048x8b_inst/U0/inst_fifo_gen/gconvfifo.rf/grf.rf/gntv_or_sync_fifo.gcx.clkx/wr_pntr_cdc_inst/dest_graysync_ff_reg[0][0]} \
          {u_img_data_pkt/async_fifo_2048x8b_inst/U0/inst_fifo_gen/gconvfifo.rf/grf.rf/gntv_or_sync_fifo.gcx.clkx/wr_pntr_cdc_inst/dest_graysync_ff_reg[0][10]} \
          {u_img_data_pkt/async_fifo_2048x8b_inst/U0/inst_fifo_gen/gconvfifo.rf/grf.rf/gntv_or_sync_fifo.gcx.clkx/wr_pntr_cdc_inst/dest_graysync_ff_reg[0][1]} \
          {u_img_data_pkt/async_fifo_2048x8b_inst/U0/inst_fifo_gen/gconvfifo.rf/grf.rf/gntv_or_sync_fifo.gcx.clkx/wr_pntr_cdc_inst/dest_graysync_ff_reg[0][2]} \
          {u_img_data_pkt/async_fifo_2048x8b_inst/U0/inst_fifo_gen/gconvfifo.rf/grf.rf/gntv_or_sync_fifo.gcx.clkx/wr_pntr_cdc_inst/dest_graysync_ff_reg[0][3]} \
          {u_img_data_pkt/async_fifo_2048x8b_inst/U0/inst_fifo_gen/gconvfifo.rf/grf.rf/gntv_or_sync_fifo.gcx.clkx/wr_pntr_cdc_inst/dest_graysync_ff_reg[0][4]} \
          {u_img_data_pkt/async_fifo_2048x8b_inst/U0/inst_fifo_gen/gconvfifo.rf/grf.rf/gntv_or_sync_fifo.gcx.clkx/wr_pntr_cdc_inst/dest_graysync_ff_reg[0][5]} \
          {u_img_data_pkt/async_fifo_2048x8b_inst/U0/inst_fifo_gen/gconvfifo.rf/grf.rf/gntv_or_sync_fifo.gcx.clkx/wr_pntr_cdc_inst/dest_graysync_ff_reg[0][6]} \
          {u_img_data_pkt/async_fifo_2048x8b_inst/U0/inst_fifo_gen/gconvfifo.rf/grf.rf/gntv_or_sync_fifo.gcx.clkx/wr_pntr_cdc_inst/dest_graysync_ff_reg[0][7]} \
          {u_img_data_pkt/async_fifo_2048x8b_inst/U0/inst_fifo_gen/gconvfifo.rf/grf.rf/gntv_or_sync_fifo.gcx.clkx/wr_pntr_cdc_inst/dest_graysync_ff_reg[0][8]} \
          {u_img_data_pkt/async_fifo_2048x8b_inst/U0/inst_fifo_gen/gconvfifo.rf/grf.rf/gntv_or_sync_fifo.gcx.clkx/wr_pntr_cdc_inst/dest_graysync_ff_reg[0][9]}]] 32.000
Requirement: 32.000ns
Endpoints: 11

From Clock            To Clock              Endpoint Pin                    Reference Pin                   Corner  Actual(ns)  Slack(ns)
--------------------  --------------------  ------------------------------  ------------------------------  ------  ----------  ---------
cmos_pclk             clkout0               u_img_data_pkt/async_fifo_2048x8b_inst/U0/inst_fifo_gen/gconvfifo.rf/grf.rf/gntv_or_sync_fifo.gcx.clkx/wr_pntr_cdc_inst/dest_graysync_ff_reg[0][4]/D
                                                                            u_img_data_pkt/async_fifo_2048x8b_inst/U0/inst_fifo_gen/gconvfifo.rf/grf.rf/gntv_or_sync_fifo.gcx.clkx/wr_pntr_cdc_inst/dest_graysync_ff_reg[0][2]/D
                                                                                                            Slow         0.911     31.089


Slack (MET) :             31.089ns  (requirement - actual skew)
  Endpoint Source:        u_img_data_pkt/async_fifo_2048x8b_inst/U0/inst_fifo_gen/gconvfifo.rf/grf.rf/gntv_or_sync_fifo.gcx.clkx/wr_pntr_cdc_inst/src_gray_ff_reg[4]/C
                            (rising edge-triggered cell FDRE clocked by cmos_pclk)
  Endpoint Destination:   u_img_data_pkt/async_fifo_2048x8b_inst/U0/inst_fifo_gen/gconvfifo.rf/grf.rf/gntv_or_sync_fifo.gcx.clkx/wr_pntr_cdc_inst/dest_graysync_ff_reg[0][4]/D
                            (rising edge-triggered cell FDRE clocked by clkout0)
  Reference Source:       u_img_data_pkt/async_fifo_2048x8b_inst/U0/inst_fifo_gen/gconvfifo.rf/grf.rf/gntv_or_sync_fifo.gcx.clkx/wr_pntr_cdc_inst/src_gray_ff_reg[2]/C
                            (rising edge-triggered cell FDRE clocked by cmos_pclk)
  Reference Destination:  u_img_data_pkt/async_fifo_2048x8b_inst/U0/inst_fifo_gen/gconvfifo.rf/grf.rf/gntv_or_sync_fifo.gcx.clkx/wr_pntr_cdc_inst/dest_graysync_ff_reg[0][2]/D
                            (rising edge-triggered cell FDRE clocked by clkout0)
  Path Type:              Bus Skew (Max at Slow Process Corner)
  Requirement:            32.000ns
  Endpoint Relative Delay:    0.699ns
  Reference Relative Delay:  -0.888ns
  Relative CRPR:              0.894ns
  Uncertainty:                0.218ns
  Actual Bus Skew:            0.911ns  (Endpoint Relative Delay - Reference Relative Delay - Relative CRPR + Uncertainty)

Endpoint path:
    Location             Delay type                Incr(ns)  Path(ns)    Netlist Resource(s)
  -------------------------------------------------------------------    -------------------
                         (clock cmos_pclk rise edge)
                                                      0.000     0.000 r  
    U18                                               0.000     0.000 r  cam_pclk (IN)
                         net (fo=0)                   0.000     0.000    cam_pclk
    U18                  IBUF (Prop_ibuf_I_O)         1.424     1.424 r  cam_pclk_IBUF_inst/O
                         net (fo=1, routed)           2.903     4.327    cam_pclk_IBUF
    BUFGCTRL_X0Y0        BUFG (Prop_bufg_I_O)         0.081     4.408 r  cam_pclk_IBUF_BUFG_inst/O
                         net (fo=131, routed)         1.457     5.866    u_img_data_pkt/async_fifo_2048x8b_inst/U0/inst_fifo_gen/gconvfifo.rf/grf.rf/gntv_or_sync_fifo.gcx.clkx/wr_pntr_cdc_inst/src_clk
    SLICE_X41Y170        FDRE                                         r  u_img_data_pkt/async_fifo_2048x8b_inst/U0/inst_fifo_gen/gconvfifo.rf/grf.rf/gntv_or_sync_fifo.gcx.clkx/wr_pntr_cdc_inst/src_gray_ff_reg[4]/C
  -------------------------------------------------------------------    -------------------
    SLICE_X41Y170        FDRE (Prop_fdre_C_Q)         0.379     6.245 r  u_img_data_pkt/async_fifo_2048x8b_inst/U0/inst_fifo_gen/gconvfifo.rf/grf.rf/gntv_or_sync_fifo.gcx.clkx/wr_pntr_cdc_inst/src_gray_ff_reg[4]/Q
                         net (fo=1, routed)           0.571     6.815    u_img_data_pkt/async_fifo_2048x8b_inst/U0/inst_fifo_gen/gconvfifo.rf/grf.rf/gntv_or_sync_fifo.gcx.clkx/wr_pntr_cdc_inst/async_path[4]
    SLICE_X47Y171        FDRE                                         r  u_img_data_pkt/async_fifo_2048x8b_inst/U0/inst_fifo_gen/gconvfifo.rf/grf.rf/gntv_or_sync_fifo.gcx.clkx/wr_pntr_cdc_inst/dest_graysync_ff_reg[0][4]/D
  -------------------------------------------------------------------    -------------------

                         (clock clkout0 rise edge)    0.000     0.000 r  
    GTPE2_CHANNEL_X0Y4   GTPE2_CHANNEL                0.000     0.000 r  aurora_module_u0/aurora_channel_u0/aurora_8b10b_0_u0/inst/gt_wrapper_i/aurora_8b10b_0_multi_gt_i/gt0_aurora_8b10b_0_i/gtpe2_i/TXOUTCLK
                         net (fo=1, routed)           1.216     1.216    aurora_module_u0/aurora_channel_u0/aurora_8b10b_0_CLOCK_MODULE_u0/GT_CLK
    BUFGCTRL_X0Y20       BUFG (Prop_bufg_I_O)         0.077     1.293 r  aurora_module_u0/aurora_channel_u0/aurora_8b10b_0_CLOCK_MODULE_u0/clkin1_buf/O
                         net (fo=1, routed)           1.552     2.845    aurora_module_u0/aurora_channel_u0/aurora_8b10b_0_CLOCK_MODULE_u0/clkin1
    MMCME2_ADV_X1Y4      MMCME2_ADV (Prop_mmcme2_adv_CLKIN1_CLKOUT0)
                                                      0.073     2.918 r  aurora_module_u0/aurora_channel_u0/aurora_8b10b_0_CLOCK_MODULE_u0/mmcm_adv_inst/CLKOUT0
                         net (fo=1, routed)           1.920     4.838    aurora_module_u0/aurora_channel_u0/aurora_8b10b_0_CLOCK_MODULE_u0/clkout0
    BUFGCTRL_X0Y16       BUFG (Prop_bufg_I_O)         0.077     4.915 r  aurora_module_u0/aurora_channel_u0/aurora_8b10b_0_CLOCK_MODULE_u0/clkout0_buf/O
                         net (fo=707, routed)         1.274     6.189    u_img_data_pkt/async_fifo_2048x8b_inst/U0/inst_fifo_gen/gconvfifo.rf/grf.rf/gntv_or_sync_fifo.gcx.clkx/wr_pntr_cdc_inst/dest_clk
    SLICE_X47Y171        FDRE                                         r  u_img_data_pkt/async_fifo_2048x8b_inst/U0/inst_fifo_gen/gconvfifo.rf/grf.rf/gntv_or_sync_fifo.gcx.clkx/wr_pntr_cdc_inst/dest_graysync_ff_reg[0][4]/C
                         clock pessimism              0.000     6.189    
    SLICE_X47Y171        FDRE (Setup_fdre_C_D)       -0.073     6.116    u_img_data_pkt/async_fifo_2048x8b_inst/U0/inst_fifo_gen/gconvfifo.rf/grf.rf/gntv_or_sync_fifo.gcx.clkx/wr_pntr_cdc_inst/dest_graysync_ff_reg[0][4]
  -------------------------------------------------------------------
                         data arrival                           6.815    
                         clock arrival                          6.116    
  -------------------------------------------------------------------
                         relative delay                         0.699    

Reference path:
    Location             Delay type                Incr(ns)  Path(ns)    Netlist Resource(s)
  -------------------------------------------------------------------    -------------------
                         (clock cmos_pclk rise edge)
                                                      0.000     0.000 r  
    U18                                               0.000     0.000 r  cam_pclk (IN)
                         net (fo=0)                   0.000     0.000    cam_pclk
    U18                  IBUF (Prop_ibuf_I_O)         1.358     1.358 r  cam_pclk_IBUF_inst/O
                         net (fo=1, routed)           2.503     3.861    cam_pclk_IBUF
    BUFGCTRL_X0Y0        BUFG (Prop_bufg_I_O)         0.077     3.938 r  cam_pclk_IBUF_BUFG_inst/O
                         net (fo=131, routed)         1.279     5.218    u_img_data_pkt/async_fifo_2048x8b_inst/U0/inst_fifo_gen/gconvfifo.rf/grf.rf/gntv_or_sync_fifo.gcx.clkx/wr_pntr_cdc_inst/src_clk
    SLICE_X44Y170        FDRE                                         r  u_img_data_pkt/async_fifo_2048x8b_inst/U0/inst_fifo_gen/gconvfifo.rf/grf.rf/gntv_or_sync_fifo.gcx.clkx/wr_pntr_cdc_inst/src_gray_ff_reg[2]/C
  -------------------------------------------------------------------    -------------------
    SLICE_X44Y170        FDRE (Prop_fdre_C_Q)         0.347     5.565 r  u_img_data_pkt/async_fifo_2048x8b_inst/U0/inst_fifo_gen/gconvfifo.rf/grf.rf/gntv_or_sync_fifo.gcx.clkx/wr_pntr_cdc_inst/src_gray_ff_reg[2]/Q
                         net (fo=1, routed)           0.312     5.877    u_img_data_pkt/async_fifo_2048x8b_inst/U0/inst_fifo_gen/gconvfifo.rf/grf.rf/gntv_or_sync_fifo.gcx.clkx/wr_pntr_cdc_inst/async_path[2]
    SLICE_X46Y170        FDRE                                         r  u_img_data_pkt/async_fifo_2048x8b_inst/U0/inst_fifo_gen/gconvfifo.rf/grf.rf/gntv_or_sync_fifo.gcx.clkx/wr_pntr_cdc_inst/dest_graysync_ff_reg[0][2]/D
  -------------------------------------------------------------------    -------------------

                         (clock clkout0 rise edge)    0.000     0.000 r  
    GTPE2_CHANNEL_X0Y4   GTPE2_CHANNEL                0.000     0.000 r  aurora_module_u0/aurora_channel_u0/aurora_8b10b_0_u0/inst/gt_wrapper_i/aurora_8b10b_0_multi_gt_i/gt0_aurora_8b10b_0_i/gtpe2_i/TXOUTCLK
                         net (fo=1, routed)           1.274     1.274    aurora_module_u0/aurora_channel_u0/aurora_8b10b_0_CLOCK_MODULE_u0/GT_CLK
    BUFGCTRL_X0Y20       BUFG (Prop_bufg_I_O)         0.081     1.355 r  aurora_module_u0/aurora_channel_u0/aurora_8b10b_0_CLOCK_MODULE_u0/clkin1_buf/O
                         net (fo=1, routed)           1.662     3.017    aurora_module_u0/aurora_channel_u0/aurora_8b10b_0_CLOCK_MODULE_u0/clkin1
    MMCME2_ADV_X1Y4      MMCME2_ADV (Prop_mmcme2_adv_CLKIN1_CLKOUT0)
                                                      0.077     3.094 r  aurora_module_u0/aurora_channel_u0/aurora_8b10b_0_CLOCK_MODULE_u0/mmcm_adv_inst/CLKOUT0
                         net (fo=1, routed)           2.017     5.111    aurora_module_u0/aurora_channel_u0/aurora_8b10b_0_CLOCK_MODULE_u0/clkout0
    BUFGCTRL_X0Y16       BUFG (Prop_bufg_I_O)         0.081     5.192 r  aurora_module_u0/aurora_channel_u0/aurora_8b10b_0_CLOCK_MODULE_u0/clkout0_buf/O
                         net (fo=707, routed)         1.382     6.574    u_img_data_pkt/async_fifo_2048x8b_inst/U0/inst_fifo_gen/gconvfifo.rf/grf.rf/gntv_or_sync_fifo.gcx.clkx/wr_pntr_cdc_inst/dest_clk
    SLICE_X46Y170        FDRE                                         r  u_img_data_pkt/async_fifo_2048x8b_inst/U0/inst_fifo_gen/gconvfifo.rf/grf.rf/gntv_or_sync_fifo.gcx.clkx/wr_pntr_cdc_inst/dest_graysync_ff_reg[0][2]/C
                         clock pessimism              0.000     6.574    
    SLICE_X46Y170        FDRE (Hold_fdre_C_D)         0.191     6.765    u_img_data_pkt/async_fifo_2048x8b_inst/U0/inst_fifo_gen/gconvfifo.rf/grf.rf/gntv_or_sync_fifo.gcx.clkx/wr_pntr_cdc_inst/dest_graysync_ff_reg[0][2]
  -------------------------------------------------------------------
                         data arrival                           5.877    
                         clock arrival                          6.765    
  -------------------------------------------------------------------
                         relative delay                        -0.888    



